// Jest Snapshot v1, https://goo.gl/fbAQLP

exports[`renders WhoWeAre correctly 1`] = `
<div
  className="whoWeAre container-md"
>
  <div
    className="targetText row"
  >
    <div
      className="col-md-6"
    >
      <h2
        className="targetHeader"
      >
        Website Mission
      </h2>
      <p
        className="targetParagraph"
      >
        Providing the linkage between the people who are willing to donate from their stuff and people who needs these stuff and make sure that we deliver the donation to the most vulnerable people.
      </p>
    </div>
    <div
      className="col-md-6"
    >
      <img
        alt="Target"
        className="whoWeAreImage"
        src="target.jpg"
      />
    </div>
  </div>
  <div
    className="row"
  >
    <div
      className="col"
    >
      <h1
        className="whoWeAreTitle"
      >
        How it Works?
      </h1>
    </div>
  </div>
  <div
    className="innerVideo row"
  >
    <iframe
      allow="accelerometer; autoplay; clipboard-write; encrypted-media; gyroscope; picture-in-picture"
      allowfullscreen={true}
      frameborder="0"
      height="400em"
      src="https://www.youtube.com/embed/9Fev-hRCR-8"
      title="How It Works?"
      width="600em"
    />
  </div>
</div>
`;
