// Jest Snapshot v1, https://goo.gl/fbAQLP

exports[`renders Footer correctly 1`] = `
<div
  className="footer container-fluid"
>
  <div
    className="mainRow row"
  >
    <div
      className="contact row"
    >
      <div
        className="address col"
      >
        <div
          className="footerIcons row"
        >
          <svg
            aria-hidden="true"
            className="svg-inline--fa fa-map-marker-alt fa-w-12 "
            data-icon="map-marker-alt"
            data-prefix="fas"
            focusable="false"
            role="img"
            style={Object {}}
            viewBox="0 0 384 512"
            xmlns="http://www.w3.org/2000/svg"
          >
            <path
              d="M172.268 501.67C26.97 291.031 0 269.413 0 192 0 85.961 85.961 0 192 0s192 85.961 192 192c0 77.413-26.97 99.031-172.268 309.67-9.535 13.774-29.93 13.773-39.464 0zM192 272c44.183 0 80-35.817 80-80s-35.817-80-80-80-80 35.817-80 80 35.817 80 80 80z"
              fill="currentColor"
              style={Object {}}
            />
          </svg>
        </div>
        <div
          className="row"
        >
          9094 Bay Meadows Street Conyars, GA 30012
        </div>
      </div>
      <div
        className="phone col"
      >
        <div
          className="footerIcons row"
        >
          <svg
            aria-hidden="true"
            className="svg-inline--fa fa-phone-alt fa-w-16 "
            data-icon="phone-alt"
            data-prefix="fas"
            focusable="false"
            role="img"
            style={Object {}}
            viewBox="0 0 512 512"
            xmlns="http://www.w3.org/2000/svg"
          >
            <path
              d="M497.39 361.8l-112-48a24 24 0 0 0-28 6.9l-49.6 60.6A370.66 370.66 0 0 1 130.6 204.11l60.6-49.6a23.94 23.94 0 0 0 6.9-28l-48-112A24.16 24.16 0 0 0 122.6.61l-104 24A24 24 0 0 0 0 48c0 256.5 207.9 464 464 464a24 24 0 0 0 23.4-18.6l24-104a24.29 24.29 0 0 0-14.01-27.6z"
              fill="currentColor"
              style={Object {}}
            />
          </svg>
        </div>
        <div
          className="row"
        >
          +229-955-5388-336
        </div>
        <div
          className="row"
        >
          +229-955-5373-360
        </div>
      </div>
      <div
        className="email col"
      >
        <div
          className="footerIcons row"
        >
          <svg
            aria-hidden="true"
            className="svg-inline--fa fa-envelope fa-w-16 "
            data-icon="envelope"
            data-prefix="fas"
            focusable="false"
            role="img"
            style={Object {}}
            viewBox="0 0 512 512"
            xmlns="http://www.w3.org/2000/svg"
          >
            <path
              d="M502.3 190.8c3.9-3.1 9.7-.2 9.7 4.7V400c0 26.5-21.5 48-48 48H48c-26.5 0-48-21.5-48-48V195.6c0-5 5.7-7.8 9.7-4.7 22.4 17.4 52.1 39.5 154.1 113.6 21.1 15.4 56.7 47.8 92.2 47.6 35.7.3 72-32.8 92.3-47.6 102-74.1 131.6-96.3 154-113.7zM256 320c23.2.4 56.6-29.2 73.4-41.4 132.7-96.3 142.8-104.7 173.4-128.7 5.8-4.5 9.2-11.5 9.2-18.9v-19c0-26.5-21.5-48-48-48H48C21.5 64 0 85.5 0 112v19c0 7.4 3.4 14.3 9.2 18.9 30.6 23.9 40.7 32.4 173.4 128.7 16.8 12.2 50.2 41.8 73.4 41.4z"
              fill="currentColor"
              style={Object {}}
            />
          </svg>
        </div>
        <div
          className="row"
        >
          office@mail.com
        </div>
        <div
          className="row"
        >
          support@mail.com
        </div>
      </div>
    </div>
    <div
      className="menu col-lg-6"
    >
      <div
        className="name row"
      >
        Fortune Found
      </div>
      <div
        className="menuItems row"
      >
        <div
          className="col"
        >
          Terms of Service
        </div>
        <div
          className="col"
        >
          Contact Us
        </div>
        <div
          className="col"
        >
          About
        </div>
        <div
          className="col"
        >
          Recent Posts
        </div>
      </div>
    </div>
  </div>
</div>
`;

exports[`renders WhoWeAre correctly 1`] = `

<div
  className="footer"
>
  <div
    className="mainRow"
  >
    <div
        className="contact"
    >
      <div
          className="address"
      >
        <div
            className="footerIcons"
        >

        <p>9094 Bay Meadows Street Conyars, GA 30012</p>

      <div
          className="phone"
      >
        <div
            className="footerIcons"
        >
        
        <p>
            +229-955-5388-336
        </p>

        <p>
            +229-955-5373-360
        </p>

      </div>

      <div 
        className="email"
      >

        <div
            className="footerIcons"
        >

        <p>
            office@mail.com
        </p>
        <p>
            support@mail.com
        </p>

      </div>
    </div>

    <div 
        className="menu"
    >
        <p 
            className="name"
        > 
            Fortune Found 
        </p>

        <div 
            className="menuItems"
        >
            <p>
                Terms of Service
            </p>

            <p>
                Contact Usü
            </p>

            <p>
                About
            </p>

            <p>
                Recent Posts
            </p>

        </div>

    </div>

  </div>

</div>

        
        











    Sucess Stories
  </h1>
  <p
    className="text-center title"
  >
    We succeed to deliver the happiness to more than 1000 person, help us to increase the number 
    <br />
     and participate in changing the world
  </p>
  <div
    className="justify-content-md-center row"
  >
    <div
      className="single-post col-lg-3 col-sm-12"
    >
      <p
        className="card-title text-center"
      >
        One week ago
      </p>
      <div
        className="card-body"
      >
        <p
          className="text-center"
        >
          Ahmed gave  blankets he didn’t need it to vulnerable family last winter, by rhis he paricipate in reducing the harsh winter season cold.
        </p>
        <img
          src="https://encrypted-tbn0.gstatic.com/images?q=tbn%3AANd9GcTu9sbpuDCREIss1uBnJ5AE6Ggyyc9PtA6ttg&usqp=CAU"
        />
      </div>
    </div>
    <div
      className="single-post col-lg-3 col-sm-12"
    >
      <p
        className="card-title text-center"
      >
        Two weeks ago
      </p>
      <div
        className="card-body"
      >
        <p
          className="text-center"
        >
          Musicians, actors and influencers plan social media takeover to support #MarchForOurLives
        </p>
        <img
          src="https://encrypted-tbn0.gstatic.com/images?q=tbn%3AANd9GcQMKzI_IJS7u0bpB4qQTFdW4yztlQ0mYoq3pg&usqp=CAU"
        />
      </div>
    </div>
    <div
      className="single-post col-lg-3 col-sm-12"
    >
      <p
        className="card-title text-center"
      >
        One month ago
      </p>
      <div
        className="card-body"
      >
        <p
          className="text-center"
        >
          Ammar donated his computer to a high school student.
        </p>
        <img
          src="https://lh3.googleusercontent.com/proxy/DRenZouZj9rUVyVgZx30D10ncFkut0w6FABUTSeDNLqMqlxuRyC4Lk-KjAgwchx05NrhnLDp-PDm6YTHEPJsI-QfxZLwdVjjEw"
        />
      </div>
    </div>
  </div>
</div>
`;
